holdout: withholding 2024-08-27 → 2026-08-27 from the sweep
Fetching data for XLU, ETH, VDE, VFH, SCHA, IBIT, SMH, SCHX, QQQM, VOO (with 
160-day warmup buffer from 2015-07-28)...
preflight: 2 variant(s) x 1 portfolio(s) x 3 seed(s) x ~14 fold(s) x 4 restart(s) x 1000 trials ≈ 336,000 trials
sweep: best on etf, seed base 42 [cell 1/6]
Fold 1/13: test 2021-03-12 → 2021-06-10
restart 1/4 (as of 2021-03-12)
Optimizing 2 strategies over 2015-07-28 to 2021-03-11
  objective: sharpe | train window: 2015-07-28 → 2021-03-11
  1000 trials across 5 workers
  [  2%] 25/1000 trials — best sharpe: 1.17
  [  5%] 50/1000 trials — best sharpe: 1.28
  [  7%] 75/1000 trials — best sharpe: 1.28
  [ 10%] 100/1000 trials — best sharpe: 1.28
  [ 12%] 125/1000 trials — best sharpe: 1.28
  [ 15%] 150/1000 trials — best sharpe: 1.28
  [ 17%] 175/1000 trials — best sharpe: 1.28
  [ 20%] 200/1000 trials — best sharpe: 1.30
  [ 22%] 225/1000 trials — best sharpe: 1.30
  [ 25%] 250/1000 trials — best sharpe: 1.30
  [ 27%] 275/1000 trials — best sharpe: 1.30
  [ 30%] 300/1000 trials — best sharpe: 1.30
  [ 32%] 325/1000 trials — best sharpe: 1.30
  [ 35%] 350/1000 trials — best sharpe: 1.30
  [ 37%] 375/1000 trials — best sharpe: 1.30
  [ 40%] 400/1000 trials — best sharpe: 1.30
  [ 42%] 425/1000 trials — best sharpe: 1.30
  [ 45%] 450/1000 trials — best sharpe: 1.30
  [ 47%] 475/1000 trials — best sharpe: 1.30
  [ 50%] 500/1000 trials — best sharpe: 1.30
  [ 52%] 525/1000 trials — best sharpe: 1.31
  [ 55%] 550/1000 trials — best sharpe: 1.32
  [ 57%] 575/1000 trials — best sharpe: 1.32
  [ 60%] 600/1000 trials — best sharpe: 1.32
  [ 62%] 625/1000 trials — best sharpe: 1.32
  [ 65%] 650/1000 trials — best sharpe: 1.32
  [ 67%] 675/1000 trials — best sharpe: 1.32
  [ 70%] 700/1000 trials — best sharpe: 1.32
  [ 72%] 725/1000 trials — best sharpe: 1.32
  [ 75%] 750/1000 trials — best sharpe: 1.32
  [ 77%] 775/1000 trials — best sharpe: 1.32
  [ 80%] 800/1000 trials — best sharpe: 1.32
  [ 82%] 825/1000 trials — best sharpe: 1.32
  [ 85%] 850/1000 trials — best sharpe: 1.32
  [ 87%] 875/1000 trials — best sharpe: 1.32
  [ 90%] 900/1000 trials — best sharpe: 1.32
  [ 92%] 925/1000 trials — best sharpe: 1.32
  [ 95%] 950/1000 trials — best sharpe: 1.32
  [ 97%] 975/1000 trials — best sharpe: 1.32
  [100%] 1000/1000 trials — best sharpe: 1.32
Optimization complete — best sharpe: 1.32
  Max drawdown: 15.03% | Sharpe: 1.32 | Win rate: 62.50%
restart 2/4 (as of 2021-03-12)
Optimizing 2 strategies over 2015-07-28 to 2021-03-11
  objective: sharpe | train window: 2015-07-28 → 2021-03-11
  1000 trials across 5 workers
  [  2%] 25/1000 trials — best sharpe: 1.26
  [  5%] 50/1000 trials — best sharpe: 1.27
  [  7%] 75/1000 trials — best sharpe: 1.27
  [ 10%] 100/1000 trials — best sharpe: 1.27
  [ 12%] 125/1000 trials — best sharpe: 1.28
  [ 15%] 150/1000 trials — best sharpe: 1.28
  [ 17%] 175/1000 trials — best sharpe: 1.28
  [ 20%] 200/1000 trials — best sharpe: 1.28
  [ 22%] 225/1000 trials — best sharpe: 1.28
  [ 25%] 250/1000 trials — best sharpe: 1.28
  [ 27%] 275/1000 trials — best sharpe: 1.28
  [ 30%] 300/1000 trials — best sharpe: 1.29
  [ 32%] 325/1000 trials — best sharpe: 1.30
  [ 35%] 350/1000 trials — best sharpe: 1.30
  [ 37%] 375/1000 trials — best sharpe: 1.30
  [ 40%] 400/1000 trials — best sharpe: 1.30
  [ 42%] 425/1000 trials — best sharpe: 1.30
  [ 45%] 450/1000 trials — best sharpe: 1.30
  [ 47%] 475/1000 trials — best sharpe: 1.30
  [ 50%] 500/1000 trials — best sharpe: 1.30
  [ 52%] 525/1000 trials — best sharpe: 1.30
  [ 55%] 550/1000 trials — best sharpe: 1.30
  [ 57%] 575/1000 trials — best sharpe: 1.30
  [ 60%] 600/1000 trials — best sharpe: 1.30
  [ 62%] 625/1000 trials — best sharpe: 1.30
  [ 65%] 650/1000 trials — best sharpe: 1.30
  [ 67%] 675/1000 trials — best sharpe: 1.30
  [ 70%] 700/1000 trials — best sharpe: 1.30
  [ 72%] 725/1000 trials — best sharpe: 1.30
  [ 75%] 750/1000 trials — best sharpe: 1.30
  [ 77%] 775/1000 trials — best sharpe: 1.30
  [ 80%] 800/1000 trials — best sharpe: 1.30
  [ 82%] 825/1000 trials — best sharpe: 1.30
  [ 85%] 850/1000 trials — best sharpe: 1.30
  [ 87%] 875/1000 trials — best sharpe: 1.30
  [ 90%] 900/1000 trials — best sharpe: 1.30
  [ 92%] 925/1000 trials — best sharpe: 1.30
  [ 95%] 950/1000 trials — best sharpe: 1.30
  [ 97%] 975/1000 trials — best sharpe: 1.30
  [100%] 1000/1000 trials — best sharpe: 1.30
Optimization complete — best sharpe: 1.30
  Max drawdown: 15.36% | Sharpe: 1.30 | Win rate: 68.06%
restart 3/4 (as of 2021-03-12)
Optimizing 2 strategies over 2015-07-28 to 2021-03-11
  objective: sharpe | train window: 2015-07-28 → 2021-03-11
  1000 trials across 5 workers
  [  2%] 25/1000 trials — best sharpe: 1.19
  [  5%] 50/1000 trials — best sharpe: 1.26
  [  7%] 75/1000 trials — best sharpe: 1.29
  [ 10%] 100/1000 trials — best sharpe: 1.29
  [ 12%] 125/1000 trials — best sharpe: 1.29
  [ 15%] 150/1000 trials — best sharpe: 1.29
  [ 17%] 175/1000 trials — best sharpe: 1.32
  [ 20%] 200/1000 trials — best sharpe: 1.32
  [ 22%] 225/1000 trials — best sharpe: 1.32
  [ 25%] 250/1000 trials — best sharpe: 1.32
  [ 27%] 275/1000 trials — best sharpe: 1.32
  [ 30%] 300/1000 trials — best sharpe: 1.32
  [ 32%] 325/1000 trials — best sharpe: 1.32
  [ 35%] 350/1000 trials — best sharpe: 1.32
  [ 37%] 375/1000 trials — best sharpe: 1.32
  [ 40%] 400/1000 trials — best sharpe: 1.32
  [ 42%] 425/1000 trials — best sharpe: 1.32
  [ 45%] 450/1000 trials — best sharpe: 1.32
  [ 47%] 475/1000 trials — best sharpe: 1.32
  [ 50%] 500/1000 trials — best sharpe: 1.32
  [ 52%] 525/1000 trials — best sharpe: 1.32
  [ 55%] 550/1000 trials — best sharpe: 1.32
  [ 57%] 575/1000 trials — best sharpe: 1.32
  [ 60%] 600/1000 trials — best sharpe: 1.32
  [ 62%] 625/1000 trials — best sharpe: 1.32
  [ 65%] 650/1000 trials — best sharpe: 1.32
  [ 67%] 675/1000 trials — best sharpe: 1.32
  [ 70%] 700/1000 trials — best sharpe: 1.32
  [ 72%] 725/1000 trials — best sharpe: 1.32
  [ 75%] 750/1000 trials — best sharpe: 1.33
  [ 77%] 775/1000 trials — best sharpe: 1.33
  [ 80%] 800/1000 trials — best sharpe: 1.33
  [ 82%] 825/1000 trials — best sharpe: 1.33
  [ 85%] 850/1000 trials — best sharpe: 1.33
  [ 87%] 875/1000 trials — best sharpe: 1.33
  [ 90%] 900/1000 trials — best sharpe: 1.33
  [ 92%] 925/1000 trials — best sharpe: 1.33
  [ 95%] 950/1000 trials — best sharpe: 1.33
  [ 97%] 975/1000 trials — best sharpe: 1.33
  [100%] 1000/1000 trials — best sharpe: 1.33
Optimization complete — best sharpe: 1.33
  Max drawdown: 16.47% | Sharpe: 1.33 | Win rate: 62.32%
restart 4/4 (as of 2021-03-12)
Optimizing 2 strategies over 2015-07-28 to 2021-03-11
  objective: sharpe | train window: 2015-07-28 → 2021-03-11
  1000 trials across 5 workers
  [  2%] 25/1000 trials — best sharpe: 1.30
  [  5%] 50/1000 trials — best sharpe: 1.30
  [  7%] 75/1000 trials — best sharpe: 1.30
  [ 10%] 100/1000 trials — best sharpe: 1.30
  [ 12%] 125/1000 trials — best sharpe: 1.30
  [ 15%] 150/1000 trials — best sharpe: 1.30
  [ 17%] 175/1000 trials — best sharpe: 1.30
  [ 20%] 200/1000 trials — best sharpe: 1.30
  [ 22%] 225/1000 trials — best sharpe: 1.30
  [ 25%] 250/1000 trials — best sharpe: 1.30
  [ 27%] 275/1000 trials — best sharpe: 1.31
  [ 30%] 300/1000 trials — best sharpe: 1.31
  [ 32%] 325/1000 trials — best sharpe: 1.31
  [ 35%] 350/1000 trials — best sharpe: 1.32
  [ 37%] 375/1000 trials — best sharpe: 1.32
  [ 40%] 400/1000 trials — best sharpe: 1.32
  [ 42%] 425/1000 trials — best sharpe: 1.32
  [ 45%] 450/1000 trials — best sharpe: 1.32
  [ 47%] 475/1000 trials — best sharpe: 1.32
  [ 50%] 500/1000 trials — best sharpe: 1.32
  [ 52%] 525/1000 trials — best sharpe: 1.32
  [ 55%] 550/1000 trials — best sharpe: 1.32
  [ 57%] 575/1000 trials — best sharpe: 1.33
  [ 60%] 600/1000 trials — best sharpe: 1.33
  [ 62%] 625/1000 trials — best sharpe: 1.33
  [ 65%] 650/1000 trials — best sharpe: 1.33
  [ 67%] 675/1000 trials — best sharpe: 1.33
  [ 70%] 700/1000 trials — best sharpe: 1.33
  [ 72%] 725/1000 trials — best sharpe: 1.33
  [ 75%] 750/1000 trials — best sharpe: 1.33
  [ 77%] 775/1000 trials — best sharpe: 1.33
  [ 80%] 800/1000 trials — best sharpe: 1.33
  [ 82%] 825/1000 trials — best sharpe: 1.33
  [ 85%] 850/1000 trials — best sharpe: 1.33
  [ 87%] 875/1000 trials — best sharpe: 1.33
  [ 90%] 900/1000 trials — best sharpe: 1.33
  [ 92%] 925/1000 trials — best sharpe: 1.33
  [ 95%] 950/1000 trials — best sharpe: 1.33
  [ 97%] 975/1000 trials — best sharpe: 1.33
  [100%] 1000/1000 trials — best sharpe: 1.33
Optimization complete — best sharpe: 1.33
  Max drawdown: 16.47% | Sharpe: 1.33 | Win rate: 62.32%
Fold 2/13: test 2021-06-11 → 2021-09-09
Fold 3/13: test 2021-09-10 → 2021-12-08
Fold 4/13: test 2021-12-09 → 2022-03-10
Fold 5/13: test 2022-03-11 → 2022-06-09
Fold 6/13: test 2022-06-10 → 2022-09-09
Fold 7/13: test 2022-09-12 → 2022-12-08
Fold 8/13: test 2022-12-09 → 2023-03-13
Fold 9/13: test 2023-03-14 → 2023-06-12
Fold 10/13: test 2023-06-13 → 2023-09-12
Fold 11/13: test 2023-09-13 → 2023-12-11
Fold 12/13: test 2023-12-12 → 2024-03-13
Fold 13/13: test 2024-03-14 → 2024-08-27
cell 1/6 done in 4m (elapsed 4m; ~19m remaining at the mean cell pace — frozen 
cells run far faster than re-fit cells)
sweep: best on etf, seed base 43 [cell 2/6]
Fold 1/13: test 2021-03-12 → 2021-06-10
restart 1/4 (as of 2021-03-12)
Optimizing 2 strategies over 2015-07-28 to 2021-03-11
  objective: sharpe | train window: 2015-07-28 → 2021-03-11
  1000 trials across 5 workers
  [  2%] 25/1000 trials — best sharpe: 1.27
  [  5%] 50/1000 trials — best sharpe: 1.27
  [  7%] 75/1000 trials — best sharpe: 1.27
  [ 10%] 100/1000 trials — best sharpe: 1.27
  [ 12%] 125/1000 trials — best sharpe: 1.29
  [ 15%] 150/1000 trials — best sharpe: 1.29
  [ 17%] 175/1000 trials — best sharpe: 1.29
  [ 20%] 200/1000 trials — best sharpe: 1.29
  [ 22%] 225/1000 trials — best sharpe: 1.29
  [ 25%] 250/1000 trials — best sharpe: 1.29
  [ 27%] 275/1000 trials — best sharpe: 1.29
  [ 30%] 300/1000 trials — best sharpe: 1.29
  [ 32%] 325/1000 trials — best sharpe: 1.29
  [ 35%] 350/1000 trials — best sharpe: 1.29
  [ 37%] 375/1000 trials — best sharpe: 1.29
  [ 40%] 400/1000 trials — best sharpe: 1.29
  [ 42%] 425/1000 trials — best sharpe: 1.29
  [ 45%] 450/1000 trials — best sharpe: 1.29
  [ 47%] 475/1000 trials — best sharpe: 1.29
  [ 50%] 500/1000 trials — best sharpe: 1.29
  [ 52%] 525/1000 trials — best sharpe: 1.29
  [ 55%] 550/1000 trials — best sharpe: 1.29
  [ 57%] 575/1000 trials — best sharpe: 1.29
  [ 60%] 600/1000 trials — best sharpe: 1.29
  [ 62%] 625/1000 trials — best sharpe: 1.29
  [ 65%] 650/1000 trials — best sharpe: 1.29
  [ 67%] 675/1000 trials — best sharpe: 1.30
  [ 70%] 700/1000 trials — best sharpe: 1.30
  [ 72%] 725/1000 trials — best sharpe: 1.30
  [ 75%] 750/1000 trials — best sharpe: 1.30
  [ 77%] 775/1000 trials — best sharpe: 1.30
  [ 80%] 800/1000 trials — best sharpe: 1.30
  [ 82%] 825/1000 trials — best sharpe: 1.30
  [ 85%] 850/1000 trials — best sharpe: 1.30
  [ 87%] 875/1000 trials — best sharpe: 1.30
  [ 90%] 900/1000 trials — best sharpe: 1.30
  [ 92%] 925/1000 trials — best sharpe: 1.30
  [ 95%] 950/1000 trials — best sharpe: 1.30
  [ 97%] 975/1000 trials — best sharpe: 1.30
  [100%] 1000/1000 trials — best sharpe: 1.30
Optimization complete — best sharpe: 1.30
  Max drawdown: 15.44% | Sharpe: 1.30 | Win rate: 66.20%
restart 2/4 (as of 2021-03-12)
Optimizing 2 strategies over 2015-07-28 to 2021-03-11
  objective: sharpe | train window: 2015-07-28 → 2021-03-11
  1000 trials across 5 workers
  [  2%] 25/1000 trials — best sharpe: 1.26
  [  5%] 50/1000 trials — best sharpe: 1.27
  [  7%] 75/1000 trials — best sharpe: 1.27
  [ 10%] 100/1000 trials — best sharpe: 1.29
  [ 12%] 125/1000 trials — best sharpe: 1.29
  [ 15%] 150/1000 trials — best sharpe: 1.29
  [ 17%] 175/1000 trials — best sharpe: 1.29
  [ 20%] 200/1000 trials — best sharpe: 1.29
  [ 22%] 225/1000 trials — best sharpe: 1.29
  [ 25%] 250/1000 trials — best sharpe: 1.29
  [ 27%] 275/1000 trials — best sharpe: 1.29
  [ 30%] 300/1000 trials — best sharpe: 1.30
  [ 32%] 325/1000 trials — best sharpe: 1.30
  [ 35%] 350/1000 trials — best sharpe: 1.30
  [ 37%] 375/1000 trials — best sharpe: 1.30
  [ 40%] 400/1000 trials — best sharpe: 1.30
  [ 42%] 425/1000 trials — best sharpe: 1.30
  [ 45%] 450/1000 trials — best sharpe: 1.30
  [ 47%] 475/1000 trials — best sharpe: 1.30
  [ 50%] 500/1000 trials — best sharpe: 1.30
  [ 52%] 525/1000 trials — best sharpe: 1.30
  [ 55%] 550/1000 trials — best sharpe: 1.30
  [ 57%] 575/1000 trials — best sharpe: 1.30
  [ 60%] 600/1000 trials — best sharpe: 1.31
  [ 62%] 625/1000 trials — best sharpe: 1.31
  [ 65%] 650/1000 trials — best sharpe: 1.31
  [ 67%] 675/1000 trials — best sharpe: 1.31
  [ 70%] 700/1000 trials — best sharpe: 1.31
  [ 72%] 725/1000 trials — best sharpe: 1.31
  [ 75%] 750/1000 trials — best sharpe: 1.31
  [ 77%] 775/1000 trials — best sharpe: 1.33
  [ 80%] 800/1000 trials — best sharpe: 1.33
  [ 82%] 825/1000 trials — best sharpe: 1.33
  [ 85%] 850/1000 trials — best sharpe: 1.33
  [ 87%] 875/1000 trials — best sharpe: 1.33
  [ 90%] 900/1000 trials — best sharpe: 1.33
  [ 92%] 925/1000 trials — best sharpe: 1.33
  [ 95%] 950/1000 trials — best sharpe: 1.33
  [ 97%] 975/1000 trials — best sharpe: 1.33
  [100%] 1000/1000 trials — best sharpe: 1.33
Optimization complete — best sharpe: 1.33
  Max drawdown: 14.48% | Sharpe: 1.33 | Win rate: 63.01%
restart 3/4 (as of 2021-03-12)
Optimizing 2 strategies over 2015-07-28 to 2021-03-11
  objective: sharpe | train window: 2015-07-28 → 2021-03-11
  1000 trials across 5 workers
  [  2%] 25/1000 trials — best sharpe: 1.16
  [  5%] 50/1000 trials — best sharpe: 1.26
  [  7%] 75/1000 trials — best sharpe: 1.28
  [ 10%] 100/1000 trials — best sharpe: 1.28
  [ 12%] 125/1000 trials — best sharpe: 1.29
  [ 15%] 150/1000 trials — best sharpe: 1.32
  [ 17%] 175/1000 trials — best sharpe: 1.32
  [ 20%] 200/1000 trials — best sharpe: 1.32
  [ 22%] 225/1000 trials — best sharpe: 1.32
  [ 25%] 250/1000 trials — best sharpe: 1.33
  [ 27%] 275/1000 trials — best sharpe: 1.33
  [ 30%] 300/1000 trials — best sharpe: 1.33
  [ 32%] 325/1000 trials — best sharpe: 1.33
  [ 35%] 350/1000 trials — best sharpe: 1.33
  [ 37%] 375/1000 trials — best sharpe: 1.33
  [ 40%] 400/1000 trials — best sharpe: 1.33
  [ 42%] 425/1000 trials — best sharpe: 1.33
  [ 45%] 450/1000 trials — best sharpe: 1.33
  [ 47%] 475/1000 trials — best sharpe: 1.33
  [ 50%] 500/1000 trials — best sharpe: 1.33
  [ 52%] 525/1000 trials — best sharpe: 1.33
  [ 55%] 550/1000 trials — best sharpe: 1.33
  [ 57%] 575/1000 trials — best sharpe: 1.33
  [ 60%] 600/1000 trials — best sharpe: 1.33
  [ 62%] 625/1000 trials — best sharpe: 1.33
  [ 65%] 650/1000 trials — best sharpe: 1.33
  [ 67%] 675/1000 trials — best sharpe: 1.33
  [ 70%] 700/1000 trials — best sharpe: 1.33
  [ 72%] 725/1000 trials — best sharpe: 1.33
  [ 75%] 750/1000 trials — best sharpe: 1.33
  [ 77%] 775/1000 trials — best sharpe: 1.33
  [ 80%] 800/1000 trials — best sharpe: 1.33
  [ 82%] 825/1000 trials — best sharpe: 1.33
  [ 85%] 850/1000 trials — best sharpe: 1.33
  [ 87%] 875/1000 trials — best sharpe: 1.33
  [ 90%] 900/1000 trials — best sharpe: 1.33
  [ 92%] 925/1000 trials — best sharpe: 1.33
  [ 95%] 950/1000 trials — best sharpe: 1.33
  [ 97%] 975/1000 trials — best sharpe: 1.33
  [100%] 1000/1000 trials — best sharpe: 1.33
Optimization complete — best sharpe: 1.33
  Max drawdown: 14.43% | Sharpe: 1.33 | Win rate: 63.38%
restart 4/4 (as of 2021-03-12)
Optimizing 2 strategies over 2015-07-28 to 2021-03-11
  objective: sharpe | train window: 2015-07-28 → 2021-03-11
  1000 trials across 5 workers
  [  2%] 25/1000 trials — best sharpe: 1.22
  [  5%] 50/1000 trials — best sharpe: 1.26
  [  7%] 75/1000 trials — best sharpe: 1.27
  [ 10%] 100/1000 trials — best sharpe: 1.30
  [ 12%] 125/1000 trials — best sharpe: 1.33
  [ 15%] 150/1000 trials — best sharpe: 1.33
  [ 17%] 175/1000 trials — best sharpe: 1.33
  [ 20%] 200/1000 trials — best sharpe: 1.33
  [ 22%] 225/1000 trials — best sharpe: 1.33
  [ 25%] 250/1000 trials — best sharpe: 1.33
  [ 27%] 275/1000 trials — best sharpe: 1.33
  [ 30%] 300/1000 trials — best sharpe: 1.33
  [ 32%] 325/1000 trials — best sharpe: 1.33
  [ 35%] 350/1000 trials — best sharpe: 1.33
  [ 37%] 375/1000 trials — best sharpe: 1.33
  [ 40%] 400/1000 trials — best sharpe: 1.33
  [ 42%] 425/1000 trials — best sharpe: 1.33
  [ 45%] 450/1000 trials — best sharpe: 1.33
  [ 47%] 475/1000 trials — best sharpe: 1.33
  [ 50%] 500/1000 trials — best sharpe: 1.33
  [ 52%] 525/1000 trials — best sharpe: 1.33
  [ 55%] 550/1000 trials — best sharpe: 1.33
  [ 57%] 575/1000 trials — best sharpe: 1.33
  [ 60%] 600/1000 trials — best sharpe: 1.33
  [ 62%] 625/1000 trials — best sharpe: 1.33
  [ 65%] 650/1000 trials — best sharpe: 1.33
  [ 67%] 675/1000 trials — best sharpe: 1.33
  [ 70%] 700/1000 trials — best sharpe: 1.33
  [ 72%] 725/1000 trials — best sharpe: 1.33
  [ 75%] 750/1000 trials — best sharpe: 1.33
  [ 77%] 775/1000 trials — best sharpe: 1.33
  [ 80%] 800/1000 trials — best sharpe: 1.33
  [ 82%] 825/1000 trials — best sharpe: 1.35
  [ 85%] 850/1000 trials — best sharpe: 1.35
  [ 87%] 875/1000 trials — best sharpe: 1.35
  [ 90%] 900/1000 trials — best sharpe: 1.35
  [ 92%] 925/1000 trials — best sharpe: 1.35
  [ 95%] 950/1000 trials — best sharpe: 1.35
  [ 97%] 975/1000 trials — best sharpe: 1.35
  [100%] 1000/1000 trials — best sharpe: 1.35
Optimization complete — best sharpe: 1.35
  Max drawdown: 15.24% | Sharpe: 1.35 | Win rate: 67.14%
Fold 2/13: test 2021-06-11 → 2021-09-09
Fold 3/13: test 2021-09-10 → 2021-12-08
Fold 4/13: test 2021-12-09 → 2022-03-10
Fold 5/13: test 2022-03-11 → 2022-06-09
Fold 6/13: test 2022-06-10 → 2022-09-09
Fold 7/13: test 2022-09-12 → 2022-12-08
Fold 8/13: test 2022-12-09 → 2023-03-13
Fold 9/13: test 2023-03-14 → 2023-06-12
Fold 10/13: test 2023-06-13 → 2023-09-12
Fold 11/13: test 2023-09-13 → 2023-12-11
Fold 12/13: test 2023-12-12 → 2024-03-13
Fold 13/13: test 2024-03-14 → 2024-08-27
cell 2/6 done in 4m (elapsed 8m; ~15m remaining at the mean cell pace — frozen 
cells run far faster than re-fit cells)
sweep: best on etf, seed base 44 [cell 3/6]
Fold 1/13: test 2021-03-12 → 2021-06-10
restart 1/4 (as of 2021-03-12)
Optimizing 2 strategies over 2015-07-28 to 2021-03-11
  objective: sharpe | train window: 2015-07-28 → 2021-03-11
  1000 trials across 5 workers
  [  2%] 25/1000 trials — best sharpe: 1.19
  [  5%] 50/1000 trials — best sharpe: 1.26
  [  7%] 75/1000 trials — best sharpe: 1.32
  [ 10%] 100/1000 trials — best sharpe: 1.32
  [ 12%] 125/1000 trials — best sharpe: 1.32
  [ 15%] 150/1000 trials — best sharpe: 1.32
  [ 17%] 175/1000 trials — best sharpe: 1.32
  [ 20%] 200/1000 trials — best sharpe: 1.32
  [ 22%] 225/1000 trials — best sharpe: 1.32
  [ 25%] 250/1000 trials — best sharpe: 1.32
  [ 27%] 275/1000 trials — best sharpe: 1.32
  [ 30%] 300/1000 trials — best sharpe: 1.32
  [ 32%] 325/1000 trials — best sharpe: 1.32
  [ 35%] 350/1000 trials — best sharpe: 1.32
  [ 37%] 375/1000 trials — best sharpe: 1.32
  [ 40%] 400/1000 trials — best sharpe: 1.32
  [ 42%] 425/1000 trials — best sharpe: 1.32
  [ 45%] 450/1000 trials — best sharpe: 1.32
  [ 47%] 475/1000 trials — best sharpe: 1.32
  [ 50%] 500/1000 trials — best sharpe: 1.32
  [ 52%] 525/1000 trials — best sharpe: 1.32
  [ 55%] 550/1000 trials — best sharpe: 1.32
  [ 57%] 575/1000 trials — best sharpe: 1.34
  [ 60%] 600/1000 trials — best sharpe: 1.34
  [ 62%] 625/1000 trials — best sharpe: 1.34
  [ 65%] 650/1000 trials — best sharpe: 1.34
  [ 67%] 675/1000 trials — best sharpe: 1.34
  [ 70%] 700/1000 trials — best sharpe: 1.34
  [ 72%] 725/1000 trials — best sharpe: 1.34
  [ 75%] 750/1000 trials — best sharpe: 1.34
  [ 77%] 775/1000 trials — best sharpe: 1.34
  [ 80%] 800/1000 trials — best sharpe: 1.34
  [ 82%] 825/1000 trials — best sharpe: 1.34
  [ 85%] 850/1000 trials — best sharpe: 1.34
  [ 87%] 875/1000 trials — best sharpe: 1.34
  [ 90%] 900/1000 trials — best sharpe: 1.34
  [ 92%] 925/1000 trials — best sharpe: 1.34
  [ 95%] 950/1000 trials — best sharpe: 1.34
  [ 97%] 975/1000 trials — best sharpe: 1.34
  [100%] 1000/1000 trials — best sharpe: 1.34
Optimization complete — best sharpe: 1.34
  Max drawdown: 14.65% | Sharpe: 1.34 | Win rate: 65.71%
restart 2/4 (as of 2021-03-12)
Optimizing 2 strategies over 2015-07-28 to 2021-03-11
  objective: sharpe | train window: 2015-07-28 → 2021-03-11
  1000 trials across 5 workers
  [  2%] 25/1000 trials — best sharpe: 1.25
  [  5%] 50/1000 trials — best sharpe: 1.28
  [  7%] 75/1000 trials — best sharpe: 1.28
  [ 10%] 100/1000 trials — best sharpe: 1.28
  [ 12%] 125/1000 trials — best sharpe: 1.28
  [ 15%] 150/1000 trials — best sharpe: 1.28
  [ 17%] 175/1000 trials — best sharpe: 1.28
  [ 20%] 200/1000 trials — best sharpe: 1.28
  [ 22%] 225/1000 trials — best sharpe: 1.28
  [ 25%] 250/1000 trials — best sharpe: 1.28
  [ 27%] 275/1000 trials — best sharpe: 1.28
  [ 30%] 300/1000 trials — best sharpe: 1.28
  [ 32%] 325/1000 trials — best sharpe: 1.28
  [ 35%] 350/1000 trials — best sharpe: 1.28
  [ 37%] 375/1000 trials — best sharpe: 1.33
  [ 40%] 400/1000 trials — best sharpe: 1.33
  [ 42%] 425/1000 trials — best sharpe: 1.33
  [ 45%] 450/1000 trials — best sharpe: 1.33
  [ 47%] 475/1000 trials — best sharpe: 1.33
  [ 50%] 500/1000 trials — best sharpe: 1.33
  [ 52%] 525/1000 trials — best sharpe: 1.33
  [ 55%] 550/1000 trials — best sharpe: 1.33
  [ 57%] 575/1000 trials — best sharpe: 1.33
  [ 60%] 600/1000 trials — best sharpe: 1.33
  [ 62%] 625/1000 trials — best sharpe: 1.33
  [ 65%] 650/1000 trials — best sharpe: 1.33
  [ 67%] 675/1000 trials — best sharpe: 1.33
  [ 70%] 700/1000 trials — best sharpe: 1.33
  [ 72%] 725/1000 trials — best sharpe: 1.33
  [ 75%] 750/1000 trials — best sharpe: 1.33
  [ 77%] 775/1000 trials — best sharpe: 1.33
  [ 80%] 800/1000 trials — best sharpe: 1.33
  [ 82%] 825/1000 trials — best sharpe: 1.33
  [ 85%] 850/1000 trials — best sharpe: 1.33
  [ 87%] 875/1000 trials — best sharpe: 1.33
  [ 90%] 900/1000 trials — best sharpe: 1.33
  [ 92%] 925/1000 trials — best sharpe: 1.33
  [ 95%] 950/1000 trials — best sharpe: 1.33
  [ 97%] 975/1000 trials — best sharpe: 1.33
  [100%] 1000/1000 trials — best sharpe: 1.33
Optimization complete — best sharpe: 1.33
  Max drawdown: 15.47% | Sharpe: 1.33 | Win rate: 67.12%
restart 3/4 (as of 2021-03-12)
Optimizing 2 strategies over 2015-07-28 to 2021-03-11
  objective: sharpe | train window: 2015-07-28 → 2021-03-11
  1000 trials across 5 workers
  [  2%] 25/1000 trials — best sharpe: 1.20
  [  5%] 50/1000 trials — best sharpe: 1.27
  [  7%] 75/1000 trials — best sharpe: 1.28
  [ 10%] 100/1000 trials — best sharpe: 1.28
  [ 12%] 125/1000 trials — best sharpe: 1.28
  [ 15%] 150/1000 trials — best sharpe: 1.28
  [ 17%] 175/1000 trials — best sharpe: 1.29
  [ 20%] 200/1000 trials — best sharpe: 1.30
  [ 22%] 225/1000 trials — best sharpe: 1.30
  [ 25%] 250/1000 trials — best sharpe: 1.30
  [ 27%] 275/1000 trials — best sharpe: 1.30
  [ 30%] 300/1000 trials — best sharpe: 1.30
  [ 32%] 325/1000 trials — best sharpe: 1.32
  [ 35%] 350/1000 trials — best sharpe: 1.32
  [ 37%] 375/1000 trials — best sharpe: 1.32
  [ 40%] 400/1000 trials — best sharpe: 1.33
  [ 42%] 425/1000 trials — best sharpe: 1.33
  [ 45%] 450/1000 trials — best sharpe: 1.33
  [ 47%] 475/1000 trials — best sharpe: 1.33
  [ 50%] 500/1000 trials — best sharpe: 1.33
  [ 52%] 525/1000 trials — best sharpe: 1.33
  [ 55%] 550/1000 trials — best sharpe: 1.33
  [ 57%] 575/1000 trials — best sharpe: 1.33
  [ 60%] 600/1000 trials — best sharpe: 1.33
  [ 62%] 625/1000 trials — best sharpe: 1.33
  [ 65%] 650/1000 trials — best sharpe: 1.33
  [ 67%] 675/1000 trials — best sharpe: 1.33
  [ 70%] 700/1000 trials — best sharpe: 1.33
  [ 72%] 725/1000 trials — best sharpe: 1.33
  [ 75%] 750/1000 trials — best sharpe: 1.33
  [ 77%] 775/1000 trials — best sharpe: 1.33
  [ 80%] 800/1000 trials — best sharpe: 1.33
  [ 82%] 825/1000 trials — best sharpe: 1.33
  [ 85%] 850/1000 trials — best sharpe: 1.33
  [ 87%] 875/1000 trials — best sharpe: 1.33
  [ 90%] 900/1000 trials — best sharpe: 1.33
  [ 92%] 925/1000 trials — best sharpe: 1.33
  [ 95%] 950/1000 trials — best sharpe: 1.33
  [ 97%] 975/1000 trials — best sharpe: 1.33
  [100%] 1000/1000 trials — best sharpe: 1.33
Optimization complete — best sharpe: 1.33
  Max drawdown: 14.50% | Sharpe: 1.33 | Win rate: 62.50%
restart 4/4 (as of 2021-03-12)
Optimizing 2 strategies over 2015-07-28 to 2021-03-11
  objective: sharpe | train window: 2015-07-28 → 2021-03-11
  1000 trials across 5 workers
  [  2%] 25/1000 trials — best sharpe: 1.23
  [  5%] 50/1000 trials — best sharpe: 1.23
  [  7%] 75/1000 trials — best sharpe: 1.23
  [ 10%] 100/1000 trials — best sharpe: 1.23
  [ 12%] 125/1000 trials — best sharpe: 1.23
  [ 15%] 150/1000 trials — best sharpe: 1.23
  [ 17%] 175/1000 trials — best sharpe: 1.29
  [ 20%] 200/1000 trials — best sharpe: 1.29
  [ 22%] 225/1000 trials — best sharpe: 1.29
  [ 25%] 250/1000 trials — best sharpe: 1.29
  [ 27%] 275/1000 trials — best sharpe: 1.29
  [ 30%] 300/1000 trials — best sharpe: 1.29
  [ 32%] 325/1000 trials — best sharpe: 1.29
  [ 35%] 350/1000 trials — best sharpe: 1.31
  [ 37%] 375/1000 trials — best sharpe: 1.31
  [ 40%] 400/1000 trials — best sharpe: 1.31
  [ 42%] 425/1000 trials — best sharpe: 1.31
  [ 45%] 450/1000 trials — best sharpe: 1.31
  [ 47%] 475/1000 trials — best sharpe: 1.31
  [ 50%] 500/1000 trials — best sharpe: 1.31
  [ 52%] 525/1000 trials — best sharpe: 1.31
  [ 55%] 550/1000 trials — best sharpe: 1.31
  [ 57%] 575/1000 trials — best sharpe: 1.31
  [ 60%] 600/1000 trials — best sharpe: 1.31
  [ 62%] 625/1000 trials — best sharpe: 1.31
  [ 65%] 650/1000 trials — best sharpe: 1.31
  [ 67%] 675/1000 trials — best sharpe: 1.31
  [ 70%] 700/1000 trials — best sharpe: 1.31
  [ 72%] 725/1000 trials — best sharpe: 1.31
  [ 75%] 750/1000 trials — best sharpe: 1.31
  [ 77%] 775/1000 trials — best sharpe: 1.31
  [ 80%] 800/1000 trials — best sharpe: 1.31
  [ 82%] 825/1000 trials — best sharpe: 1.33
  [ 85%] 850/1000 trials — best sharpe: 1.34
  [ 87%] 875/1000 trials — best sharpe: 1.34
  [ 90%] 900/1000 trials — best sharpe: 1.34
  [ 92%] 925/1000 trials — best sharpe: 1.34
  [ 95%] 950/1000 trials — best sharpe: 1.34
  [ 97%] 975/1000 trials — best sharpe: 1.34
  [100%] 1000/1000 trials — best sharpe: 1.34
Optimization complete — best sharpe: 1.34
  Max drawdown: 14.48% | Sharpe: 1.34 | Win rate: 63.38%
Fold 2/13: test 2021-06-11 → 2021-09-09
Fold 3/13: test 2021-09-10 → 2021-12-08
Fold 4/13: test 2021-12-09 → 2022-03-10
Fold 5/13: test 2022-03-11 → 2022-06-09
Fold 6/13: test 2022-06-10 → 2022-09-09
Fold 7/13: test 2022-09-12 → 2022-12-08
Fold 8/13: test 2022-12-09 → 2023-03-13
Fold 9/13: test 2023-03-14 → 2023-06-12
Fold 10/13: test 2023-06-13 → 2023-09-12
Fold 11/13: test 2023-09-13 → 2023-12-11
Fold 12/13: test 2023-12-12 → 2024-03-13
Fold 13/13: test 2024-03-14 → 2024-08-27
cell 3/6 done in 4m (elapsed 11m; ~11m remaining at the mean cell pace — frozen 
cells run far faster than re-fit cells)
sweep: ensemble on etf, seed base 42 [cell 4/6]
Fold 1/13: test 2021-03-12 → 2021-06-10
restart 1/4 (as of 2021-03-12)
Optimizing 2 strategies over 2015-07-28 to 2021-03-11
  objective: sharpe | train window: 2015-07-28 → 2021-03-11
  1000 trials across 5 workers
  [  2%] 25/1000 trials — best sharpe: 1.17
  [  5%] 50/1000 trials — best sharpe: 1.28
  [  7%] 75/1000 trials — best sharpe: 1.28
  [ 10%] 100/1000 trials — best sharpe: 1.28
  [ 12%] 125/1000 trials — best sharpe: 1.28
  [ 15%] 150/1000 trials — best sharpe: 1.28
  [ 17%] 175/1000 trials — best sharpe: 1.28
  [ 20%] 200/1000 trials — best sharpe: 1.30
  [ 22%] 225/1000 trials — best sharpe: 1.30
  [ 25%] 250/1000 trials — best sharpe: 1.30
  [ 27%] 275/1000 trials — best sharpe: 1.30
  [ 30%] 300/1000 trials — best sharpe: 1.30
  [ 32%] 325/1000 trials — best sharpe: 1.30
  [ 35%] 350/1000 trials — best sharpe: 1.30
  [ 37%] 375/1000 trials — best sharpe: 1.30
  [ 40%] 400/1000 trials — best sharpe: 1.30
  [ 42%] 425/1000 trials — best sharpe: 1.30
  [ 45%] 450/1000 trials — best sharpe: 1.30
  [ 47%] 475/1000 trials — best sharpe: 1.30
  [ 50%] 500/1000 trials — best sharpe: 1.30
  [ 52%] 525/1000 trials — best sharpe: 1.31
  [ 55%] 550/1000 trials — best sharpe: 1.32
  [ 57%] 575/1000 trials — best sharpe: 1.32
  [ 60%] 600/1000 trials — best sharpe: 1.32
  [ 62%] 625/1000 trials — best sharpe: 1.32
  [ 65%] 650/1000 trials — best sharpe: 1.32
  [ 67%] 675/1000 trials — best sharpe: 1.32
  [ 70%] 700/1000 trials — best sharpe: 1.32
  [ 72%] 725/1000 trials — best sharpe: 1.32
  [ 75%] 750/1000 trials — best sharpe: 1.32
  [ 77%] 775/1000 trials — best sharpe: 1.32
  [ 80%] 800/1000 trials — best sharpe: 1.32
  [ 82%] 825/1000 trials — best sharpe: 1.32
  [ 85%] 850/1000 trials — best sharpe: 1.32
  [ 87%] 875/1000 trials — best sharpe: 1.32
  [ 90%] 900/1000 trials — best sharpe: 1.32
  [ 92%] 925/1000 trials — best sharpe: 1.32
  [ 95%] 950/1000 trials — best sharpe: 1.32
  [ 97%] 975/1000 trials — best sharpe: 1.32
  [100%] 1000/1000 trials — best sharpe: 1.32
Optimization complete — best sharpe: 1.32
  Max drawdown: 15.03% | Sharpe: 1.32 | Win rate: 62.50%
restart 2/4 (as of 2021-03-12)
Optimizing 2 strategies over 2015-07-28 to 2021-03-11
  objective: sharpe | train window: 2015-07-28 → 2021-03-11
  1000 trials across 5 workers
  [  2%] 25/1000 trials — best sharpe: 1.26
  [  5%] 50/1000 trials — best sharpe: 1.27
  [  7%] 75/1000 trials — best sharpe: 1.27
  [ 10%] 100/1000 trials — best sharpe: 1.27
  [ 12%] 125/1000 trials — best sharpe: 1.28
  [ 15%] 150/1000 trials — best sharpe: 1.28
  [ 17%] 175/1000 trials — best sharpe: 1.28
  [ 20%] 200/1000 trials — best sharpe: 1.28
  [ 22%] 225/1000 trials — best sharpe: 1.28
  [ 25%] 250/1000 trials — best sharpe: 1.28
  [ 27%] 275/1000 trials — best sharpe: 1.28
  [ 30%] 300/1000 trials — best sharpe: 1.29
  [ 32%] 325/1000 trials — best sharpe: 1.30
  [ 35%] 350/1000 trials — best sharpe: 1.30
  [ 37%] 375/1000 trials — best sharpe: 1.30
  [ 40%] 400/1000 trials — best sharpe: 1.30
  [ 42%] 425/1000 trials — best sharpe: 1.30
  [ 45%] 450/1000 trials — best sharpe: 1.30
  [ 47%] 475/1000 trials — best sharpe: 1.30
  [ 50%] 500/1000 trials — best sharpe: 1.30
  [ 52%] 525/1000 trials — best sharpe: 1.30
  [ 55%] 550/1000 trials — best sharpe: 1.30
  [ 57%] 575/1000 trials — best sharpe: 1.30
  [ 60%] 600/1000 trials — best sharpe: 1.30
  [ 62%] 625/1000 trials — best sharpe: 1.30
  [ 65%] 650/1000 trials — best sharpe: 1.30
  [ 67%] 675/1000 trials — best sharpe: 1.30
  [ 70%] 700/1000 trials — best sharpe: 1.30
  [ 72%] 725/1000 trials — best sharpe: 1.30
  [ 75%] 750/1000 trials — best sharpe: 1.30
  [ 77%] 775/1000 trials — best sharpe: 1.30
  [ 80%] 800/1000 trials — best sharpe: 1.30
  [ 82%] 825/1000 trials — best sharpe: 1.30
  [ 85%] 850/1000 trials — best sharpe: 1.30
  [ 87%] 875/1000 trials — best sharpe: 1.30
  [ 90%] 900/1000 trials — best sharpe: 1.30
  [ 92%] 925/1000 trials — best sharpe: 1.30
  [ 95%] 950/1000 trials — best sharpe: 1.30
  [ 97%] 975/1000 trials — best sharpe: 1.30
  [100%] 1000/1000 trials — best sharpe: 1.30
Optimization complete — best sharpe: 1.30
  Max drawdown: 15.36% | Sharpe: 1.30 | Win rate: 68.06%
restart 3/4 (as of 2021-03-12)
Optimizing 2 strategies over 2015-07-28 to 2021-03-11
  objective: sharpe | train window: 2015-07-28 → 2021-03-11
  1000 trials across 5 workers
  [  2%] 25/1000 trials — best sharpe: 1.19
  [  5%] 50/1000 trials — best sharpe: 1.26
  [  7%] 75/1000 trials — best sharpe: 1.29
  [ 10%] 100/1000 trials — best sharpe: 1.29
  [ 12%] 125/1000 trials — best sharpe: 1.29
  [ 15%] 150/1000 trials — best sharpe: 1.29
  [ 17%] 175/1000 trials — best sharpe: 1.32
  [ 20%] 200/1000 trials — best sharpe: 1.32
  [ 22%] 225/1000 trials — best sharpe: 1.32
  [ 25%] 250/1000 trials — best sharpe: 1.32
  [ 27%] 275/1000 trials — best sharpe: 1.32
  [ 30%] 300/1000 trials — best sharpe: 1.32
  [ 32%] 325/1000 trials — best sharpe: 1.32
  [ 35%] 350/1000 trials — best sharpe: 1.32
  [ 37%] 375/1000 trials — best sharpe: 1.32
  [ 40%] 400/1000 trials — best sharpe: 1.32
  [ 42%] 425/1000 trials — best sharpe: 1.32
  [ 45%] 450/1000 trials — best sharpe: 1.32
  [ 47%] 475/1000 trials — best sharpe: 1.32
  [ 50%] 500/1000 trials — best sharpe: 1.32
  [ 52%] 525/1000 trials — best sharpe: 1.32
  [ 55%] 550/1000 trials — best sharpe: 1.32
  [ 57%] 575/1000 trials — best sharpe: 1.32
  [ 60%] 600/1000 trials — best sharpe: 1.32
  [ 62%] 625/1000 trials — best sharpe: 1.32
  [ 65%] 650/1000 trials — best sharpe: 1.32
  [ 67%] 675/1000 trials — best sharpe: 1.32
  [ 70%] 700/1000 trials — best sharpe: 1.32
  [ 72%] 725/1000 trials — best sharpe: 1.32
  [ 75%] 750/1000 trials — best sharpe: 1.33
  [ 77%] 775/1000 trials — best sharpe: 1.33
  [ 80%] 800/1000 trials — best sharpe: 1.33
  [ 82%] 825/1000 trials — best sharpe: 1.33
  [ 85%] 850/1000 trials — best sharpe: 1.33
  [ 87%] 875/1000 trials — best sharpe: 1.33
  [ 90%] 900/1000 trials — best sharpe: 1.33
  [ 92%] 925/1000 trials — best sharpe: 1.33
  [ 95%] 950/1000 trials — best sharpe: 1.33
  [ 97%] 975/1000 trials — best sharpe: 1.33
  [100%] 1000/1000 trials — best sharpe: 1.33
Optimization complete — best sharpe: 1.33
  Max drawdown: 16.47% | Sharpe: 1.33 | Win rate: 62.32%
restart 4/4 (as of 2021-03-12)
Optimizing 2 strategies over 2015-07-28 to 2021-03-11
  objective: sharpe | train window: 2015-07-28 → 2021-03-11
  1000 trials across 5 workers
  [  2%] 25/1000 trials — best sharpe: 1.30
  [  5%] 50/1000 trials — best sharpe: 1.30
  [  7%] 75/1000 trials — best sharpe: 1.30
  [ 10%] 100/1000 trials — best sharpe: 1.30
  [ 12%] 125/1000 trials — best sharpe: 1.30
  [ 15%] 150/1000 trials — best sharpe: 1.30
  [ 17%] 175/1000 trials — best sharpe: 1.30
  [ 20%] 200/1000 trials — best sharpe: 1.30
  [ 22%] 225/1000 trials — best sharpe: 1.30
  [ 25%] 250/1000 trials — best sharpe: 1.30
  [ 27%] 275/1000 trials — best sharpe: 1.31
  [ 30%] 300/1000 trials — best sharpe: 1.31
  [ 32%] 325/1000 trials — best sharpe: 1.31
  [ 35%] 350/1000 trials — best sharpe: 1.32
  [ 37%] 375/1000 trials — best sharpe: 1.32
  [ 40%] 400/1000 trials — best sharpe: 1.32
  [ 42%] 425/1000 trials — best sharpe: 1.32
  [ 45%] 450/1000 trials — best sharpe: 1.32
  [ 47%] 475/1000 trials — best sharpe: 1.32
  [ 50%] 500/1000 trials — best sharpe: 1.32
  [ 52%] 525/1000 trials — best sharpe: 1.32
  [ 55%] 550/1000 trials — best sharpe: 1.32
  [ 57%] 575/1000 trials — best sharpe: 1.33
  [ 60%] 600/1000 trials — best sharpe: 1.33
  [ 62%] 625/1000 trials — best sharpe: 1.33
  [ 65%] 650/1000 trials — best sharpe: 1.33
  [ 67%] 675/1000 trials — best sharpe: 1.33
  [ 70%] 700/1000 trials — best sharpe: 1.33
  [ 72%] 725/1000 trials — best sharpe: 1.33
  [ 75%] 750/1000 trials — best sharpe: 1.33
  [ 77%] 775/1000 trials — best sharpe: 1.33
  [ 80%] 800/1000 trials — best sharpe: 1.33
  [ 82%] 825/1000 trials — best sharpe: 1.33
  [ 85%] 850/1000 trials — best sharpe: 1.33
  [ 87%] 875/1000 trials — best sharpe: 1.33
  [ 90%] 900/1000 trials — best sharpe: 1.33
  [ 92%] 925/1000 trials — best sharpe: 1.33
  [ 95%] 950/1000 trials — best sharpe: 1.33
  [ 97%] 975/1000 trials — best sharpe: 1.33
  [100%] 1000/1000 trials — best sharpe: 1.33
Optimization complete — best sharpe: 1.33
  Max drawdown: 16.47% | Sharpe: 1.33 | Win rate: 62.32%
ensemble under-filled: 8 distinct member(s) survived dedupe (policy asks for 20)
— the deployment is less diversified than configured
Fold 2/13: test 2021-06-11 → 2021-09-09
Fold 3/13: test 2021-09-10 → 2021-12-08
Fold 4/13: test 2021-12-09 → 2022-03-10
Fold 5/13: test 2022-03-11 → 2022-06-09
Fold 6/13: test 2022-06-10 → 2022-09-09
Fold 7/13: test 2022-09-12 → 2022-12-08
Fold 8/13: test 2022-12-09 → 2023-03-13
Fold 9/13: test 2023-03-14 → 2023-06-12
Fold 10/13: test 2023-06-13 → 2023-09-12
Fold 11/13: test 2023-09-13 → 2023-12-11
Fold 12/13: test 2023-12-12 → 2024-03-13
Fold 13/13: test 2024-03-14 → 2024-08-27
cell 4/6 done in 4m (elapsed 15m; ~7m remaining at the mean cell pace — frozen 
cells run far faster than re-fit cells)
sweep: ensemble on etf, seed base 43 [cell 5/6]
Fold 1/13: test 2021-03-12 → 2021-06-10
restart 1/4 (as of 2021-03-12)
Optimizing 2 strategies over 2015-07-28 to 2021-03-11
  objective: sharpe | train window: 2015-07-28 → 2021-03-11
  1000 trials across 5 workers
  [  2%] 25/1000 trials — best sharpe: 1.27
  [  5%] 50/1000 trials — best sharpe: 1.27
  [  7%] 75/1000 trials — best sharpe: 1.27
  [ 10%] 100/1000 trials — best sharpe: 1.27
  [ 12%] 125/1000 trials — best sharpe: 1.29
  [ 15%] 150/1000 trials — best sharpe: 1.29
  [ 17%] 175/1000 trials — best sharpe: 1.29
  [ 20%] 200/1000 trials — best sharpe: 1.29
  [ 22%] 225/1000 trials — best sharpe: 1.29
  [ 25%] 250/1000 trials — best sharpe: 1.29
  [ 27%] 275/1000 trials — best sharpe: 1.29
  [ 30%] 300/1000 trials — best sharpe: 1.29
  [ 32%] 325/1000 trials — best sharpe: 1.29
  [ 35%] 350/1000 trials — best sharpe: 1.29
  [ 37%] 375/1000 trials — best sharpe: 1.29
  [ 40%] 400/1000 trials — best sharpe: 1.29
  [ 42%] 425/1000 trials — best sharpe: 1.29
  [ 45%] 450/1000 trials — best sharpe: 1.29
  [ 47%] 475/1000 trials — best sharpe: 1.29
  [ 50%] 500/1000 trials — best sharpe: 1.29
  [ 52%] 525/1000 trials — best sharpe: 1.29
  [ 55%] 550/1000 trials — best sharpe: 1.29
  [ 57%] 575/1000 trials — best sharpe: 1.29
  [ 60%] 600/1000 trials — best sharpe: 1.29
  [ 62%] 625/1000 trials — best sharpe: 1.29
  [ 65%] 650/1000 trials — best sharpe: 1.29
  [ 67%] 675/1000 trials — best sharpe: 1.30
  [ 70%] 700/1000 trials — best sharpe: 1.30
  [ 72%] 725/1000 trials — best sharpe: 1.30
  [ 75%] 750/1000 trials — best sharpe: 1.30
  [ 77%] 775/1000 trials — best sharpe: 1.30
  [ 80%] 800/1000 trials — best sharpe: 1.30
  [ 82%] 825/1000 trials — best sharpe: 1.30
  [ 85%] 850/1000 trials — best sharpe: 1.30
  [ 87%] 875/1000 trials — best sharpe: 1.30
  [ 90%] 900/1000 trials — best sharpe: 1.30
  [ 92%] 925/1000 trials — best sharpe: 1.30
  [ 95%] 950/1000 trials — best sharpe: 1.30
  [ 97%] 975/1000 trials — best sharpe: 1.30
  [100%] 1000/1000 trials — best sharpe: 1.30
Optimization complete — best sharpe: 1.30
  Max drawdown: 15.44% | Sharpe: 1.30 | Win rate: 66.20%
restart 2/4 (as of 2021-03-12)
Optimizing 2 strategies over 2015-07-28 to 2021-03-11
  objective: sharpe | train window: 2015-07-28 → 2021-03-11
  1000 trials across 5 workers
  [  2%] 25/1000 trials — best sharpe: 1.26
  [  5%] 50/1000 trials — best sharpe: 1.27
  [  7%] 75/1000 trials — best sharpe: 1.27
  [ 10%] 100/1000 trials — best sharpe: 1.29
  [ 12%] 125/1000 trials — best sharpe: 1.29
  [ 15%] 150/1000 trials — best sharpe: 1.29
  [ 17%] 175/1000 trials — best sharpe: 1.29
  [ 20%] 200/1000 trials — best sharpe: 1.29
  [ 22%] 225/1000 trials — best sharpe: 1.29
  [ 25%] 250/1000 trials — best sharpe: 1.29
  [ 27%] 275/1000 trials — best sharpe: 1.29
  [ 30%] 300/1000 trials — best sharpe: 1.30
  [ 32%] 325/1000 trials — best sharpe: 1.30
  [ 35%] 350/1000 trials — best sharpe: 1.30
  [ 37%] 375/1000 trials — best sharpe: 1.30
  [ 40%] 400/1000 trials — best sharpe: 1.30
  [ 42%] 425/1000 trials — best sharpe: 1.30
  [ 45%] 450/1000 trials — best sharpe: 1.30
  [ 47%] 475/1000 trials — best sharpe: 1.30
  [ 50%] 500/1000 trials — best sharpe: 1.30
  [ 52%] 525/1000 trials — best sharpe: 1.30
  [ 55%] 550/1000 trials — best sharpe: 1.30
  [ 57%] 575/1000 trials — best sharpe: 1.30
  [ 60%] 600/1000 trials — best sharpe: 1.31
  [ 62%] 625/1000 trials — best sharpe: 1.31
  [ 65%] 650/1000 trials — best sharpe: 1.31
  [ 67%] 675/1000 trials — best sharpe: 1.31
  [ 70%] 700/1000 trials — best sharpe: 1.31
  [ 72%] 725/1000 trials — best sharpe: 1.31
  [ 75%] 750/1000 trials — best sharpe: 1.31
  [ 77%] 775/1000 trials — best sharpe: 1.33
  [ 80%] 800/1000 trials — best sharpe: 1.33
  [ 82%] 825/1000 trials — best sharpe: 1.33
  [ 85%] 850/1000 trials — best sharpe: 1.33
  [ 87%] 875/1000 trials — best sharpe: 1.33
  [ 90%] 900/1000 trials — best sharpe: 1.33
  [ 92%] 925/1000 trials — best sharpe: 1.33
  [ 95%] 950/1000 trials — best sharpe: 1.33
  [ 97%] 975/1000 trials — best sharpe: 1.33
  [100%] 1000/1000 trials — best sharpe: 1.33
Optimization complete — best sharpe: 1.33
  Max drawdown: 14.48% | Sharpe: 1.33 | Win rate: 63.01%
restart 3/4 (as of 2021-03-12)
Optimizing 2 strategies over 2015-07-28 to 2021-03-11
  objective: sharpe | train window: 2015-07-28 → 2021-03-11
  1000 trials across 5 workers
  [  2%] 25/1000 trials — best sharpe: 1.16
  [  5%] 50/1000 trials — best sharpe: 1.26
  [  7%] 75/1000 trials — best sharpe: 1.28
  [ 10%] 100/1000 trials — best sharpe: 1.28
  [ 12%] 125/1000 trials — best sharpe: 1.29
  [ 15%] 150/1000 trials — best sharpe: 1.32
  [ 17%] 175/1000 trials — best sharpe: 1.32
  [ 20%] 200/1000 trials — best sharpe: 1.32
  [ 22%] 225/1000 trials — best sharpe: 1.32
  [ 25%] 250/1000 trials — best sharpe: 1.33
  [ 27%] 275/1000 trials — best sharpe: 1.33
  [ 30%] 300/1000 trials — best sharpe: 1.33
  [ 32%] 325/1000 trials — best sharpe: 1.33
  [ 35%] 350/1000 trials — best sharpe: 1.33
  [ 37%] 375/1000 trials — best sharpe: 1.33
  [ 40%] 400/1000 trials — best sharpe: 1.33
  [ 42%] 425/1000 trials — best sharpe: 1.33
  [ 45%] 450/1000 trials — best sharpe: 1.33
  [ 47%] 475/1000 trials — best sharpe: 1.33
  [ 50%] 500/1000 trials — best sharpe: 1.33
  [ 52%] 525/1000 trials — best sharpe: 1.33
  [ 55%] 550/1000 trials — best sharpe: 1.33
  [ 57%] 575/1000 trials — best sharpe: 1.33
  [ 60%] 600/1000 trials — best sharpe: 1.33
  [ 62%] 625/1000 trials — best sharpe: 1.33
  [ 65%] 650/1000 trials — best sharpe: 1.33
  [ 67%] 675/1000 trials — best sharpe: 1.33
  [ 70%] 700/1000 trials — best sharpe: 1.33
  [ 72%] 725/1000 trials — best sharpe: 1.33
  [ 75%] 750/1000 trials — best sharpe: 1.33
  [ 77%] 775/1000 trials — best sharpe: 1.33
  [ 80%] 800/1000 trials — best sharpe: 1.33
  [ 82%] 825/1000 trials — best sharpe: 1.33
  [ 85%] 850/1000 trials — best sharpe: 1.33
  [ 87%] 875/1000 trials — best sharpe: 1.33
  [ 90%] 900/1000 trials — best sharpe: 1.33
  [ 92%] 925/1000 trials — best sharpe: 1.33
  [ 95%] 950/1000 trials — best sharpe: 1.33
  [ 97%] 975/1000 trials — best sharpe: 1.33
  [100%] 1000/1000 trials — best sharpe: 1.33
Optimization complete — best sharpe: 1.33
  Max drawdown: 14.43% | Sharpe: 1.33 | Win rate: 63.38%
restart 4/4 (as of 2021-03-12)
Optimizing 2 strategies over 2015-07-28 to 2021-03-11
  objective: sharpe | train window: 2015-07-28 → 2021-03-11
  1000 trials across 5 workers
  [  2%] 25/1000 trials — best sharpe: 1.22
  [  5%] 50/1000 trials — best sharpe: 1.26
  [  7%] 75/1000 trials — best sharpe: 1.27
  [ 10%] 100/1000 trials — best sharpe: 1.30
  [ 12%] 125/1000 trials — best sharpe: 1.33
  [ 15%] 150/1000 trials — best sharpe: 1.33
  [ 17%] 175/1000 trials — best sharpe: 1.33
  [ 20%] 200/1000 trials — best sharpe: 1.33
  [ 22%] 225/1000 trials — best sharpe: 1.33
  [ 25%] 250/1000 trials — best sharpe: 1.33
  [ 27%] 275/1000 trials — best sharpe: 1.33
  [ 30%] 300/1000 trials — best sharpe: 1.33
  [ 32%] 325/1000 trials — best sharpe: 1.33
  [ 35%] 350/1000 trials — best sharpe: 1.33
  [ 37%] 375/1000 trials — best sharpe: 1.33
  [ 40%] 400/1000 trials — best sharpe: 1.33
  [ 42%] 425/1000 trials — best sharpe: 1.33
  [ 45%] 450/1000 trials — best sharpe: 1.33
  [ 47%] 475/1000 trials — best sharpe: 1.33
  [ 50%] 500/1000 trials — best sharpe: 1.33
  [ 52%] 525/1000 trials — best sharpe: 1.33
  [ 55%] 550/1000 trials — best sharpe: 1.33
  [ 57%] 575/1000 trials — best sharpe: 1.33
  [ 60%] 600/1000 trials — best sharpe: 1.33
  [ 62%] 625/1000 trials — best sharpe: 1.33
  [ 65%] 650/1000 trials — best sharpe: 1.33
  [ 67%] 675/1000 trials — best sharpe: 1.33
  [ 70%] 700/1000 trials — best sharpe: 1.33
  [ 72%] 725/1000 trials — best sharpe: 1.33
  [ 75%] 750/1000 trials — best sharpe: 1.33
  [ 77%] 775/1000 trials — best sharpe: 1.33
  [ 80%] 800/1000 trials — best sharpe: 1.33
  [ 82%] 825/1000 trials — best sharpe: 1.35
  [ 85%] 850/1000 trials — best sharpe: 1.35
  [ 87%] 875/1000 trials — best sharpe: 1.35
  [ 90%] 900/1000 trials — best sharpe: 1.35
  [ 92%] 925/1000 trials — best sharpe: 1.35
  [ 95%] 950/1000 trials — best sharpe: 1.35
  [ 97%] 975/1000 trials — best sharpe: 1.35
  [100%] 1000/1000 trials — best sharpe: 1.35
Optimization complete — best sharpe: 1.35
  Max drawdown: 15.24% | Sharpe: 1.35 | Win rate: 67.14%
ensemble under-filled: 13 distinct member(s) survived dedupe (policy asks for 
20) — the deployment is less diversified than configured
Fold 2/13: test 2021-06-11 → 2021-09-09
Fold 3/13: test 2021-09-10 → 2021-12-08
Fold 4/13: test 2021-12-09 → 2022-03-10
Fold 5/13: test 2022-03-11 → 2022-06-09
Fold 6/13: test 2022-06-10 → 2022-09-09
Fold 7/13: test 2022-09-12 → 2022-12-08
Fold 8/13: test 2022-12-09 → 2023-03-13
Fold 9/13: test 2023-03-14 → 2023-06-12
Fold 10/13: test 2023-06-13 → 2023-09-12
Fold 11/13: test 2023-09-13 → 2023-12-11
Fold 12/13: test 2023-12-12 → 2024-03-13
Fold 13/13: test 2024-03-14 → 2024-08-27
cell 5/6 done in 4m (elapsed 19m; ~4m remaining at the mean cell pace — frozen 
cells run far faster than re-fit cells)
sweep: ensemble on etf, seed base 44 [cell 6/6]
Fold 1/13: test 2021-03-12 → 2021-06-10
restart 1/4 (as of 2021-03-12)
Optimizing 2 strategies over 2015-07-28 to 2021-03-11
  objective: sharpe | train window: 2015-07-28 → 2021-03-11
  1000 trials across 5 workers
  [  2%] 25/1000 trials — best sharpe: 1.19
  [  5%] 50/1000 trials — best sharpe: 1.26
  [  7%] 75/1000 trials — best sharpe: 1.32
  [ 10%] 100/1000 trials — best sharpe: 1.32
  [ 12%] 125/1000 trials — best sharpe: 1.32
  [ 15%] 150/1000 trials — best sharpe: 1.32
  [ 17%] 175/1000 trials — best sharpe: 1.32
  [ 20%] 200/1000 trials — best sharpe: 1.32
  [ 22%] 225/1000 trials — best sharpe: 1.32
  [ 25%] 250/1000 trials — best sharpe: 1.32
  [ 27%] 275/1000 trials — best sharpe: 1.32
  [ 30%] 300/1000 trials — best sharpe: 1.32
  [ 32%] 325/1000 trials — best sharpe: 1.32
  [ 35%] 350/1000 trials — best sharpe: 1.32
  [ 37%] 375/1000 trials — best sharpe: 1.32
  [ 40%] 400/1000 trials — best sharpe: 1.32
  [ 42%] 425/1000 trials — best sharpe: 1.32
  [ 45%] 450/1000 trials — best sharpe: 1.32
  [ 47%] 475/1000 trials — best sharpe: 1.32
  [ 50%] 500/1000 trials — best sharpe: 1.32
  [ 52%] 525/1000 trials — best sharpe: 1.32
  [ 55%] 550/1000 trials — best sharpe: 1.32
  [ 57%] 575/1000 trials — best sharpe: 1.34
  [ 60%] 600/1000 trials — best sharpe: 1.34
  [ 62%] 625/1000 trials — best sharpe: 1.34
  [ 65%] 650/1000 trials — best sharpe: 1.34
  [ 67%] 675/1000 trials — best sharpe: 1.34
  [ 70%] 700/1000 trials — best sharpe: 1.34
  [ 72%] 725/1000 trials — best sharpe: 1.34
  [ 75%] 750/1000 trials — best sharpe: 1.34
  [ 77%] 775/1000 trials — best sharpe: 1.34
  [ 80%] 800/1000 trials — best sharpe: 1.34
  [ 82%] 825/1000 trials — best sharpe: 1.34
  [ 85%] 850/1000 trials — best sharpe: 1.34
  [ 87%] 875/1000 trials — best sharpe: 1.34
  [ 90%] 900/1000 trials — best sharpe: 1.34
  [ 92%] 925/1000 trials — best sharpe: 1.34
  [ 95%] 950/1000 trials — best sharpe: 1.34
  [ 97%] 975/1000 trials — best sharpe: 1.34
  [100%] 1000/1000 trials — best sharpe: 1.34
Optimization complete — best sharpe: 1.34
  Max drawdown: 14.65% | Sharpe: 1.34 | Win rate: 65.71%
restart 2/4 (as of 2021-03-12)
Optimizing 2 strategies over 2015-07-28 to 2021-03-11
  objective: sharpe | train window: 2015-07-28 → 2021-03-11
  1000 trials across 5 workers
  [  2%] 25/1000 trials — best sharpe: 1.25
  [  5%] 50/1000 trials — best sharpe: 1.28
  [  7%] 75/1000 trials — best sharpe: 1.28
  [ 10%] 100/1000 trials — best sharpe: 1.28
  [ 12%] 125/1000 trials — best sharpe: 1.28
  [ 15%] 150/1000 trials — best sharpe: 1.28
  [ 17%] 175/1000 trials — best sharpe: 1.28
  [ 20%] 200/1000 trials — best sharpe: 1.28
  [ 22%] 225/1000 trials — best sharpe: 1.28
  [ 25%] 250/1000 trials — best sharpe: 1.28
  [ 27%] 275/1000 trials — best sharpe: 1.28
  [ 30%] 300/1000 trials — best sharpe: 1.28
  [ 32%] 325/1000 trials — best sharpe: 1.28
  [ 35%] 350/1000 trials — best sharpe: 1.28
  [ 37%] 375/1000 trials — best sharpe: 1.33
  [ 40%] 400/1000 trials — best sharpe: 1.33
  [ 42%] 425/1000 trials — best sharpe: 1.33
  [ 45%] 450/1000 trials — best sharpe: 1.33
  [ 47%] 475/1000 trials — best sharpe: 1.33
  [ 50%] 500/1000 trials — best sharpe: 1.33
  [ 52%] 525/1000 trials — best sharpe: 1.33
  [ 55%] 550/1000 trials — best sharpe: 1.33
  [ 57%] 575/1000 trials — best sharpe: 1.33
  [ 60%] 600/1000 trials — best sharpe: 1.33
  [ 62%] 625/1000 trials — best sharpe: 1.33
  [ 65%] 650/1000 trials — best sharpe: 1.33
  [ 67%] 675/1000 trials — best sharpe: 1.33
  [ 70%] 700/1000 trials — best sharpe: 1.33
  [ 72%] 725/1000 trials — best sharpe: 1.33
  [ 75%] 750/1000 trials — best sharpe: 1.33
  [ 77%] 775/1000 trials — best sharpe: 1.33
  [ 80%] 800/1000 trials — best sharpe: 1.33
  [ 82%] 825/1000 trials — best sharpe: 1.33
  [ 85%] 850/1000 trials — best sharpe: 1.33
  [ 87%] 875/1000 trials — best sharpe: 1.33
  [ 90%] 900/1000 trials — best sharpe: 1.33
  [ 92%] 925/1000 trials — best sharpe: 1.33
  [ 95%] 950/1000 trials — best sharpe: 1.33
  [ 97%] 975/1000 trials — best sharpe: 1.33
  [100%] 1000/1000 trials — best sharpe: 1.33
Optimization complete — best sharpe: 1.33
  Max drawdown: 15.47% | Sharpe: 1.33 | Win rate: 67.12%
restart 3/4 (as of 2021-03-12)
Optimizing 2 strategies over 2015-07-28 to 2021-03-11
  objective: sharpe | train window: 2015-07-28 → 2021-03-11
  1000 trials across 5 workers
  [  2%] 25/1000 trials — best sharpe: 1.20
  [  5%] 50/1000 trials — best sharpe: 1.27
  [  7%] 75/1000 trials — best sharpe: 1.28
  [ 10%] 100/1000 trials — best sharpe: 1.28
  [ 12%] 125/1000 trials — best sharpe: 1.28
  [ 15%] 150/1000 trials — best sharpe: 1.28
  [ 17%] 175/1000 trials — best sharpe: 1.29
  [ 20%] 200/1000 trials — best sharpe: 1.30
  [ 22%] 225/1000 trials — best sharpe: 1.30
  [ 25%] 250/1000 trials — best sharpe: 1.30
  [ 27%] 275/1000 trials — best sharpe: 1.30
  [ 30%] 300/1000 trials — best sharpe: 1.30
  [ 32%] 325/1000 trials — best sharpe: 1.32
  [ 35%] 350/1000 trials — best sharpe: 1.32
  [ 37%] 375/1000 trials — best sharpe: 1.32
  [ 40%] 400/1000 trials — best sharpe: 1.33
  [ 42%] 425/1000 trials — best sharpe: 1.33
  [ 45%] 450/1000 trials — best sharpe: 1.33
  [ 47%] 475/1000 trials — best sharpe: 1.33
  [ 50%] 500/1000 trials — best sharpe: 1.33
  [ 52%] 525/1000 trials — best sharpe: 1.33
  [ 55%] 550/1000 trials — best sharpe: 1.33
  [ 57%] 575/1000 trials — best sharpe: 1.33
  [ 60%] 600/1000 trials — best sharpe: 1.33
  [ 62%] 625/1000 trials — best sharpe: 1.33
  [ 65%] 650/1000 trials — best sharpe: 1.33
  [ 67%] 675/1000 trials — best sharpe: 1.33
  [ 70%] 700/1000 trials — best sharpe: 1.33
  [ 72%] 725/1000 trials — best sharpe: 1.33
  [ 75%] 750/1000 trials — best sharpe: 1.33
  [ 77%] 775/1000 trials — best sharpe: 1.33
  [ 80%] 800/1000 trials — best sharpe: 1.33
  [ 82%] 825/1000 trials — best sharpe: 1.33
  [ 85%] 850/1000 trials — best sharpe: 1.33
  [ 87%] 875/1000 trials — best sharpe: 1.33
  [ 90%] 900/1000 trials — best sharpe: 1.33
  [ 92%] 925/1000 trials — best sharpe: 1.33
  [ 95%] 950/1000 trials — best sharpe: 1.33
  [ 97%] 975/1000 trials — best sharpe: 1.33
  [100%] 1000/1000 trials — best sharpe: 1.33
Optimization complete — best sharpe: 1.33
  Max drawdown: 14.50% | Sharpe: 1.33 | Win rate: 62.50%
restart 4/4 (as of 2021-03-12)
Optimizing 2 strategies over 2015-07-28 to 2021-03-11
  objective: sharpe | train window: 2015-07-28 → 2021-03-11
  1000 trials across 5 workers
  [  2%] 25/1000 trials — best sharpe: 1.23
  [  5%] 50/1000 trials — best sharpe: 1.23
  [  7%] 75/1000 trials — best sharpe: 1.23
  [ 10%] 100/1000 trials — best sharpe: 1.23
  [ 12%] 125/1000 trials — best sharpe: 1.23
  [ 15%] 150/1000 trials — best sharpe: 1.23
  [ 17%] 175/1000 trials — best sharpe: 1.29
  [ 20%] 200/1000 trials — best sharpe: 1.29
  [ 22%] 225/1000 trials — best sharpe: 1.29
  [ 25%] 250/1000 trials — best sharpe: 1.29
  [ 27%] 275/1000 trials — best sharpe: 1.29
  [ 30%] 300/1000 trials — best sharpe: 1.29
  [ 32%] 325/1000 trials — best sharpe: 1.29
  [ 35%] 350/1000 trials — best sharpe: 1.31
  [ 37%] 375/1000 trials — best sharpe: 1.31
  [ 40%] 400/1000 trials — best sharpe: 1.31
  [ 42%] 425/1000 trials — best sharpe: 1.31
  [ 45%] 450/1000 trials — best sharpe: 1.31
  [ 47%] 475/1000 trials — best sharpe: 1.31
  [ 50%] 500/1000 trials — best sharpe: 1.31
  [ 52%] 525/1000 trials — best sharpe: 1.31
  [ 55%] 550/1000 trials — best sharpe: 1.31
  [ 57%] 575/1000 trials — best sharpe: 1.31
  [ 60%] 600/1000 trials — best sharpe: 1.31
  [ 62%] 625/1000 trials — best sharpe: 1.31
  [ 65%] 650/1000 trials — best sharpe: 1.31
  [ 67%] 675/1000 trials — best sharpe: 1.31
  [ 70%] 700/1000 trials — best sharpe: 1.31
  [ 72%] 725/1000 trials — best sharpe: 1.31
  [ 75%] 750/1000 trials — best sharpe: 1.31
  [ 77%] 775/1000 trials — best sharpe: 1.31
  [ 80%] 800/1000 trials — best sharpe: 1.31
  [ 82%] 825/1000 trials — best sharpe: 1.33
  [ 85%] 850/1000 trials — best sharpe: 1.34
  [ 87%] 875/1000 trials — best sharpe: 1.34
  [ 90%] 900/1000 trials — best sharpe: 1.34
  [ 92%] 925/1000 trials — best sharpe: 1.34
  [ 95%] 950/1000 trials — best sharpe: 1.34
  [ 97%] 975/1000 trials — best sharpe: 1.34
  [100%] 1000/1000 trials — best sharpe: 1.34
Optimization complete — best sharpe: 1.34
  Max drawdown: 14.48% | Sharpe: 1.34 | Win rate: 63.38%
ensemble under-filled: 14 distinct member(s) survived dedupe (policy asks for 
20) — the deployment is less diversified than configured
Fold 2/13: test 2021-06-11 → 2021-09-09
Fold 3/13: test 2021-09-10 → 2021-12-08
Fold 4/13: test 2021-12-09 → 2022-03-10
Fold 5/13: test 2022-03-11 → 2022-06-09
Fold 6/13: test 2022-06-10 → 2022-09-09
Fold 7/13: test 2022-09-12 → 2022-12-08
Fold 8/13: test 2022-12-09 → 2023-03-13
Fold 9/13: test 2023-03-14 → 2023-06-12
Fold 10/13: test 2023-06-13 → 2023-09-12
Fold 11/13: test 2023-09-13 → 2023-12-11
Fold 12/13: test 2023-12-12 → 2024-03-13
Fold 13/13: test 2024-03-14 → 2024-08-27
cell 6/6 done in 4m (elapsed 22m; ~0m remaining at the mean cell pace — frozen 
cells run far faster than re-fit cells)
etf/best: mean OOS CAGR +9.78% across 3 seed(s), spread 2.94%  bootstrap95% [-5.53%, +27.42%]  after-tax fold mean +2.15%  DSR~0.91 (proxy: trials from folds, SR var from seeds)
etf/ensemble: mean OOS CAGR +9.12% across 3 seed(s), spread 1.78%  bootstrap95% [-5.45%, +25.93%]  after-tax fold mean +2.07%  DSR~0.90 (proxy: trials from folds, SR var from seeds)
etf: variant spread 0.66% vs seed noise 2.94% — not resolvable at this budget (on these windows)
